/home/jason/humanoid_ws/deploy_robot/sweep/fsm_driver.py:68: DeprecationWarning: Conversion of an array with ndim > 0 to a scalar is deprecated, and will error in future. Ensure you extract a single element from your array before performing this operation. (Deprecated NumPy 1.25.)
  self.fps = float(motion["fps"])
FSM driver: policy=kino_backflip_3 reps=15 motion_duration=4.80s (240 frames @ 50.0 fps)
FSM: init -> damp
FSM: damp -> home
FSM: home -> control
FSM driver: rep 0 gate tilt=3.0deg -> OK
FSM: control -> track
FSM driver: rep 0 track started at sim_time=0.424
FSM: track -> damp
FSM: damp -> home
FSM: home -> control
FSM driver: rep 1 gate tilt=4.3deg -> OK
FSM: control -> track
FSM driver: rep 1 track started at sim_time=5.844
FSM: track -> damp
FSM: damp -> home
FSM: home -> control
FSM driver: rep 2 gate tilt=3.7deg -> OK
FSM: control -> track
FSM driver: rep 2 track started at sim_time=11.184
FSM: track -> damp
FSM: damp -> home
FSM: home -> control
FSM driver: rep 3 gate tilt=3.5deg -> OK
FSM: control -> track
FSM driver: rep 3 track started at sim_time=16.584
FSM: track -> damp
FSM: damp -> home
FSM: home -> control
FSM driver: rep 4 gate tilt=6.3deg -> OK
FSM: control -> track
FSM driver: rep 4 track started at sim_time=22.004
FSM: track -> damp
FSM: damp -> home
FSM: home -> control
FSM driver: rep 5 gate tilt=3.1deg -> OK
FSM: control -> track
FSM driver: rep 5 track started at sim_time=27.424
FSM: track -> damp
FSM: damp -> home
FSM: home -> control
FSM driver: rep 6 gate tilt=6.6deg -> OK
FSM: control -> track
FSM driver: rep 6 track started at sim_time=32.784
FSM: track -> damp
FSM: damp -> home
FSM: home -> control
FSM driver: rep 7 gate tilt=3.8deg -> OK
FSM: control -> track
FSM driver: rep 7 track started at sim_time=38.124
FSM: track -> damp
FSM: damp -> home
FSM: home -> control
FSM driver: rep 8 gate tilt=1.5deg -> OK
FSM: control -> track
FSM driver: rep 8 track started at sim_time=43.464
FSM: track -> damp
FSM: damp -> home
FSM: home -> control
FSM driver: rep 9 gate tilt=2.9deg -> OK
FSM: control -> track
FSM driver: rep 9 track started at sim_time=48.804
FSM: track -> damp
FSM: damp -> home
FSM: home -> control
FSM driver: rep 10 gate tilt=5.2deg -> OK
FSM: control -> track
FSM driver: rep 10 track started at sim_time=54.144
FSM: track -> damp
FSM: damp -> home
FSM: home -> control
FSM driver: rep 11 gate tilt=1.4deg -> OK
FSM: control -> track
FSM driver: rep 11 track started at sim_time=59.484
FSM: track -> damp
FSM: damp -> home
FSM: home -> control
FSM driver: rep 12 gate tilt=3.0deg -> OK
FSM: control -> track
FSM driver: rep 12 track started at sim_time=64.884
FSM: track -> damp
FSM: damp -> home
FSM: home -> control
FSM driver: rep 13 gate tilt=4.9deg -> OK
FSM: control -> track
FSM driver: rep 13 track started at sim_time=70.304
FSM: track -> damp
FSM: damp -> home
FSM: home -> control
FSM driver: rep 14 gate tilt=1.0deg -> OK
FSM: control -> track
FSM driver: rep 14 track started at sim_time=75.724
FSM driver: done, 15 reps (15 standing). Wrote /home/jason/humanoid_ws/deploy_robot/sweep/results/sidecars/kino_backflip_3.json
FSM driver shutdown complete.
