/home/jason/humanoid_ws/deploy_robot/sweep/fsm_driver.py:68: DeprecationWarning: Conversion of an array with ndim > 0 to a scalar is deprecated, and will error in future. Ensure you extract a single element from your array before performing this operation. (Deprecated NumPy 1.25.)
  self.fps = float(motion["fps"])
FSM driver: policy=kino_backflip_2 reps=15 motion_duration=4.80s (240 frames @ 50.0 fps)
FSM: init -> damp
FSM: damp -> home
FSM: home -> control
FSM driver: rep 0 gate tilt=2.0deg -> OK
FSM: control -> track
FSM driver: rep 0 track started at sim_time=0.442
FSM: track -> damp
FSM: damp -> home
FSM: home -> control
FSM driver: rep 1 gate tilt=4.9deg -> OK
FSM: control -> track
FSM driver: rep 1 track started at sim_time=5.862
FSM: track -> damp
FSM: damp -> home
FSM: home -> control
FSM driver: rep 2 gate tilt=5.4deg -> OK
FSM: control -> track
FSM driver: rep 2 track started at sim_time=11.202
FSM: track -> damp
FSM: damp -> home
FSM: home -> control
FSM driver: rep 3 gate tilt=12.3deg -> OK
FSM: control -> track
FSM driver: rep 3 track started at sim_time=16.602
FSM: track -> damp
FSM: damp -> home
FSM: home -> control
FSM driver: rep 4 gate tilt=10.0deg -> OK
FSM: control -> track
FSM driver: rep 4 track started at sim_time=22.022
FSM: track -> damp
FSM: damp -> home
FSM: home -> control
FSM driver: rep 5 gate tilt=5.0deg -> OK
FSM: control -> track
FSM driver: rep 5 track started at sim_time=27.442
FSM: track -> damp
FSM: damp -> home
FSM: home -> control
FSM driver: rep 6 gate tilt=4.4deg -> OK
FSM: control -> track
FSM driver: rep 6 track started at sim_time=32.802
FSM: track -> damp
FSM: damp -> home
FSM: home -> control
FSM driver: rep 7 gate tilt=4.7deg -> OK
FSM: control -> track
FSM driver: rep 7 track started at sim_time=38.142
FSM: track -> damp
FSM: damp -> home
FSM: home -> control
FSM driver: rep 8 gate tilt=4.4deg -> OK
FSM: control -> track
FSM driver: rep 8 track started at sim_time=43.482
FSM: track -> damp
FSM: damp -> home
FSM: home -> control
FSM driver: rep 9 gate tilt=4.8deg -> OK
FSM: control -> track
FSM driver: rep 9 track started at sim_time=48.822
FSM: track -> damp
FSM: damp -> home
FSM: home -> control
FSM driver: rep 10 gate tilt=9.0deg -> OK
FSM: control -> track
FSM driver: rep 10 track started at sim_time=54.162
FSM: track -> damp
FSM: damp -> home
FSM: home -> control
FSM driver: rep 11 gate tilt=4.3deg -> OK
FSM: control -> track
FSM driver: rep 11 track started at sim_time=59.502
FSM: track -> damp
FSM: damp -> home
FSM: home -> control
FSM driver: rep 12 gate tilt=6.6deg -> OK
FSM: control -> track
FSM driver: rep 12 track started at sim_time=64.902
FSM: track -> damp
FSM: damp -> home
FSM: home -> control
FSM driver: rep 13 gate tilt=5.2deg -> OK
FSM: control -> track
FSM driver: rep 13 track started at sim_time=70.322
FSM: track -> damp
FSM: damp -> home
FSM: home -> control
FSM driver: rep 14 gate tilt=5.9deg -> OK
FSM: control -> track
FSM driver: rep 14 track started at sim_time=75.742
FSM driver: done, 15 reps (15 standing). Wrote /home/jason/humanoid_ws/deploy_robot/sweep/results/sidecars/kino_backflip_2.json
FSM driver shutdown complete.
