/home/jason/humanoid_ws/deploy_robot/sweep/fsm_driver.py:68: DeprecationWarning: Conversion of an array with ndim > 0 to a scalar is deprecated, and will error in future. Ensure you extract a single element from your array before performing this operation. (Deprecated NumPy 1.25.)
  self.fps = float(motion["fps"])
FSM driver: policy=srb_ik_backflip_3 reps=15 motion_duration=4.38s (219 frames @ 50.0 fps)
FSM: init -> damp
FSM: damp -> home
FSM: home -> control
FSM driver: rep 0 gate tilt=3.1deg -> OK
FSM: control -> track
FSM driver: rep 0 track started at sim_time=0.424
FSM: track -> damp
FSM: damp -> home
FSM: home -> control
FSM driver: rep 1 gate tilt=3.0deg -> OK
FSM: control -> track
FSM driver: rep 1 track started at sim_time=5.424
FSM: track -> damp
FSM: damp -> home
FSM: home -> control
FSM driver: rep 2 gate tilt=6.0deg -> OK
FSM: control -> track
FSM driver: rep 2 track started at sim_time=10.344
FSM: track -> damp
FSM: damp -> home
FSM: home -> control
FSM driver: rep 3 gate tilt=8.4deg -> OK
FSM: control -> track
FSM driver: rep 3 track started at sim_time=15.264
FSM: track -> damp
FSM: damp -> home
FSM: home -> control
FSM driver: rep 4 gate tilt=4.7deg -> OK
FSM: control -> track
FSM driver: rep 4 track started at sim_time=20.264
FSM: track -> damp
FSM: damp -> home
FSM: home -> control
FSM driver: rep 5 gate tilt=5.7deg -> OK
FSM: control -> track
FSM driver: rep 5 track started at sim_time=25.264
FSM: track -> damp
FSM: damp -> home
FSM: home -> control
FSM driver: rep 6 gate tilt=3.6deg -> OK
FSM: control -> track
FSM driver: rep 6 track started at sim_time=30.264
FSM: track -> damp
FSM: damp -> home
FSM: home -> control
FSM driver: rep 7 gate tilt=6.7deg -> OK
FSM: control -> track
FSM driver: rep 7 track started at sim_time=35.184
FSM: track -> damp
FSM: damp -> home
FSM: home -> control
FSM driver: rep 8 gate tilt=2.9deg -> OK
FSM: control -> track
FSM driver: rep 8 track started at sim_time=40.104
FSM: track -> damp
FSM: damp -> home
FSM: home -> control
FSM driver: rep 9 gate tilt=12.7deg -> OK
FSM: control -> track
FSM driver: rep 9 track started at sim_time=45.024
FSM: track -> damp
FSM: damp -> home
FSM: home -> control
FSM driver: rep 10 gate tilt=3.8deg -> OK
FSM: control -> track
FSM driver: rep 10 track started at sim_time=49.944
FSM: track -> damp
FSM: damp -> home
FSM: home -> control
FSM driver: rep 11 gate tilt=3.2deg -> OK
FSM: control -> track
FSM driver: rep 11 track started at sim_time=54.864
FSM: track -> damp
FSM: damp -> home
FSM: home -> control
FSM driver: rep 12 gate tilt=9.3deg -> OK
FSM: control -> track
FSM driver: rep 12 track started at sim_time=59.784
FSM: track -> damp
FSM: damp -> home
FSM: home -> control
FSM driver: rep 13 gate tilt=4.2deg -> OK
FSM: control -> track
FSM driver: rep 13 track started at sim_time=64.764
FSM: track -> damp
FSM: damp -> home
FSM: home -> control
FSM driver: rep 14 gate tilt=5.2deg -> OK
FSM: control -> track
FSM driver: rep 14 track started at sim_time=69.764
FSM driver: done, 15 reps (15 standing). Wrote /home/jason/humanoid_ws/deploy_robot/sweep/results/sidecars/srb_ik_backflip_3.json
FSM driver shutdown complete.
