/home/jason/humanoid_ws/deploy_robot/sweep/fsm_driver.py:68: DeprecationWarning: Conversion of an array with ndim > 0 to a scalar is deprecated, and will error in future. Ensure you extract a single element from your array before performing this operation. (Deprecated NumPy 1.25.)
  self.fps = float(motion["fps"])
FSM driver: policy=srb_ik_backflip_2 reps=15 motion_duration=4.38s (219 frames @ 50.0 fps)
FSM: init -> damp
FSM: damp -> home
FSM: home -> control
FSM driver: rep 0 gate tilt=10.8deg -> OK
FSM: control -> track
FSM driver: rep 0 track started at sim_time=0.440
FSM: track -> damp
FSM: damp -> home
FSM: home -> control
FSM driver: rep 1 gate tilt=13.7deg -> OK
FSM: control -> track
FSM driver: rep 1 track started at sim_time=5.402
FSM: track -> damp
FSM: damp -> home
FSM: home -> control
FSM driver: rep 2 gate tilt=13.4deg -> OK
FSM: control -> track
FSM driver: rep 2 track started at sim_time=10.342
FSM: track -> damp
FSM: damp -> home
FSM: home -> control
FSM driver: rep 3 gate tilt=9.1deg -> OK
FSM: control -> track
FSM driver: rep 3 track started at sim_time=15.280
FSM: track -> damp
FSM: damp -> home
FSM: home -> control
FSM driver: rep 4 gate tilt=7.5deg -> OK
FSM: control -> track
FSM driver: rep 4 track started at sim_time=20.260
FSM: track -> damp
FSM: damp -> home
FSM: home -> control
FSM driver: rep 5 gate tilt=7.8deg -> OK
FSM: control -> track
FSM driver: rep 5 track started at sim_time=25.242
FSM: track -> damp
FSM: damp -> home
FSM: home -> control
FSM driver: rep 6 gate tilt=8.5deg -> OK
FSM: control -> track
FSM driver: rep 6 track started at sim_time=30.242
FSM: track -> damp
FSM: damp -> home
FSM: home -> control
FSM driver: rep 7 gate tilt=12.9deg -> OK
FSM: control -> track
FSM driver: rep 7 track started at sim_time=35.160
FSM: track -> damp
FSM: damp -> home
FSM: home -> control
FSM driver: rep 8 gate tilt=13.1deg -> OK
FSM: control -> track
FSM driver: rep 8 track started at sim_time=40.080
FSM: track -> damp
FSM: damp -> home
FSM: home -> control
FSM driver: rep 9 gate tilt=12.3deg -> OK
FSM: control -> track
FSM driver: rep 9 track started at sim_time=45.020
FSM: track -> damp
FSM: damp -> home
FSM: home -> control
FSM driver: rep 10 gate tilt=11.4deg -> OK
FSM: control -> track
FSM driver: rep 10 track started at sim_time=49.962
FSM: track -> damp
FSM: damp -> home
FSM: home -> control
FSM driver: rep 11 gate tilt=13.5deg -> OK
FSM: control -> track
FSM driver: rep 11 track started at sim_time=54.882
FSM: track -> damp
FSM: damp -> home
FSM: home -> control
FSM driver: rep 12 gate tilt=11.1deg -> OK
FSM: control -> track
FSM driver: rep 12 track started at sim_time=59.820
FSM: track -> damp
FSM: damp -> home
FSM: home -> control
FSM driver: rep 13 gate tilt=15.0deg -> OK
FSM: control -> track
FSM driver: rep 13 track started at sim_time=64.800
FSM: track -> damp
FSM: damp -> home
FSM: home -> control
FSM driver: rep 14 gate tilt=12.5deg -> OK
FSM: control -> track
FSM driver: rep 14 track started at sim_time=69.782
FSM driver: done, 15 reps (15 standing). Wrote /home/jason/humanoid_ws/deploy_robot/sweep/results/sidecars/srb_ik_backflip_2.json
FSM driver shutdown complete.
