Log node initialized.
    Mode:          sim
    Output file:   /home/jason/humanoid_ws/deploy_robot/logs/simulation/sweep_traj_opt_kino_1_12.h5
    Log frequency: 200.0 Hz (0.005 s)
    Dump period:   1.0 s
    Time topic:    deploy_robot/simulation_time
Waiting for required topics: joint_state (deploy_robot/joint_state), pelvis_imu (deploy_robot/pelvis_imu_state), torso_imu (deploy_robot/torso_imu_state), time (deploy_robot/simulation_time)
Log file renamed to include config: /home/jason/humanoid_ws/deploy_robot/logs/simulation/sweep_traj_opt_kino_1_12_g1_29dof_mimic_sweep.h5
Recorded experiment info into log: config='g1_29dof_mimic_sweep', fields=['config', 'config_yaml', 'policy_trained_at']
Topic discovery: all required topics ready.
    [OK]   command      <- deploy_robot/command  (1 pub)
    [OK]   joystick     <- deploy_robot/joystick  (1 pub)
    [SKIP] motor_temp   <- deploy_robot/motor_temperature  (optional, no publisher)
Traceback (most recent call last):
  File "/home/jason/humanoid_ws/deploy_robot/deploy/logger/log.py", line 359, in <module>
    main()
  File "/home/jason/humanoid_ws/deploy_robot/deploy/logger/log.py", line 345, in main
    rclpy.spin(log_node)
  File "/opt/ros/humble/local/lib/python3.10/dist-packages/rclpy/__init__.py", line 229, in spin
    executor.spin_once()
  File "/opt/ros/humble/local/lib/python3.10/dist-packages/rclpy/executors.py", line 808, in spin_once
    self._spin_once_impl(timeout_sec)
  File "/opt/ros/humble/local/lib/python3.10/dist-packages/rclpy/executors.py", line 805, in _spin_once_impl
    raise handler.exception()
  File "/opt/ros/humble/local/lib/python3.10/dist-packages/rclpy/task.py", line 272, in _execute_coroutine_step
    result = coro.send(None)
  File "/opt/ros/humble/local/lib/python3.10/dist-packages/rclpy/executors.py", line 478, in handler
    arg = take_from_wait_list(entity)
  File "/opt/ros/humble/local/lib/python3.10/dist-packages/rclpy/executors.py", line 400, in _take_subscription
    msg_info = sub.handle.take_message(sub.msg_type, sub.raw)
RuntimeError: Unable to convert call argument to Python object (compile in debug mode for details)
