Loaded Mujoco model from [/home/jason/humanoid_ws/deploy_robot/models/g1_29dof_scene.xml].
    Sim dt: 0.002 seconds.
    nq: 36
    nv: 35
    nu: 29
    Headless: viewer disabled.
Simulation node initialized.
    Press [Tab] to toggle the left UI.
    Press [Shift + Tab] to toggle the right UI.
Traceback (most recent call last):
  File "/home/jason/humanoid_ws/deploy_robot/sweep/sim_headless.py", line 430, in <module>
    main()
  File "/home/jason/humanoid_ws/deploy_robot/sweep/sim_headless.py", line 417, in main
    rclpy.spin_once(sim_node, timeout_sec=0.1)
  File "/opt/ros/humble/local/lib/python3.10/dist-packages/rclpy/__init__.py", line 208, in spin_once
    executor.spin_once(timeout_sec=timeout_sec)
  File "/opt/ros/humble/local/lib/python3.10/dist-packages/rclpy/executors.py", line 808, in spin_once
    self._spin_once_impl(timeout_sec)
  File "/opt/ros/humble/local/lib/python3.10/dist-packages/rclpy/executors.py", line 805, in _spin_once_impl
    raise handler.exception()
  File "/opt/ros/humble/local/lib/python3.10/dist-packages/rclpy/task.py", line 272, in _execute_coroutine_step
    result = coro.send(None)
  File "/opt/ros/humble/local/lib/python3.10/dist-packages/rclpy/executors.py", line 478, in handler
    arg = take_from_wait_list(entity)
  File "/opt/ros/humble/local/lib/python3.10/dist-packages/rclpy/executors.py", line 400, in _take_subscription
    msg_info = sub.handle.take_message(sub.msg_type, sub.raw)
RuntimeError: Unable to convert call argument to Python object (compile in debug mode for details)
