Loaded config from [/home/jason/humanoid_ws/deploy_robot/deploy/configs/g1_29dof_mimic_sweep.yaml].
    default_joint_pos: from policy metadata
    action_scale: from policy metadata
Loading policy from [/home/jason/humanoid_ws/deploy_robot/policy/ablation/traj_opt_kino_1.onnx].
    Policy type: onnx
    Input size: 154
    Output size: 29
    Control frequency: 50.0 Hz
/home/jason/humanoid_ws/deploy_robot/deploy/simulation/control_29dof_mimic.py:170: DeprecationWarning: Conversion of an array with ndim > 0 to a scalar is deprecated, and will error in future. Ensure you extract a single element from your array before performing this operation. (Deprecated NumPy 1.25.)
  self.motion_fps = float(motion['fps'])
Loaded motion from [/home/jason/humanoid_ws/deploy_robot/motions/ablation/traj_kino_backflip.npz].
    FPS: 50.0
    Frames: 140
    Duration: 2.8s
    Anchor body: torso_link (index 15)
[INFO] [1784766896.811128699] [control_node]: Broadcasting experiment info: config='g1_29dof_mimic_sweep', fields=['config', 'config_yaml', 'policy_trained_at']
Checking for a joystick connection...
Joystick connected: holding the first motion frame until FSM enters 'track'.
Control node initialized.
FSM entered 'track': starting motion trajectory.
Traceback (most recent call last):
  File "/home/jason/humanoid_ws/deploy_robot/deploy/simulation/control_29dof_mimic.py", line 405, in <module>
    main()
  File "/home/jason/humanoid_ws/deploy_robot/deploy/simulation/control_29dof_mimic.py", line 401, in main
    rclpy.shutdown()
  File "/opt/ros/humble/local/lib/python3.10/dist-packages/rclpy/__init__.py", line 130, in shutdown
    _shutdown(context=context)
  File "/opt/ros/humble/local/lib/python3.10/dist-packages/rclpy/utilities.py", line 58, in shutdown
    return context.shutdown()
  File "/opt/ros/humble/local/lib/python3.10/dist-packages/rclpy/context.py", line 102, in shutdown
    self.__context.shutdown()
rclpy._rclpy_pybind11.RCLError: failed to shutdown: rcl_shutdown already called on the given context, at ./src/rcl/init.c:241
