/home/jason/humanoid_ws/deploy_robot/sweep/fsm_driver.py:68: DeprecationWarning: Conversion of an array with ndim > 0 to a scalar is deprecated, and will error in future. Ensure you extract a single element from your array before performing this operation. (Deprecated NumPy 1.25.)
  self.fps = float(motion["fps"])
FSM driver: policy=traj_opt_kino_4 reps=15 motion_duration=2.80s (140 frames @ 50.0 fps)
FSM: init -> damp
FSM: damp -> home
FSM: home -> control
FSM driver: rep 0 gate tilt=8.1deg -> OK
FSM: control -> track
FSM driver: rep 0 track started at sim_time=0.442
FSM: track -> damp
FSM: damp -> home
FSM: home -> control
FSM driver: rep 1 gate tilt=7.6deg -> OK
FSM: control -> track
FSM driver: rep 1 track started at sim_time=3.824
FSM: track -> damp
FSM: damp -> home
FSM: home -> control
FSM driver: rep 2 gate tilt=7.1deg -> OK
FSM: control -> track
FSM driver: rep 2 track started at sim_time=7.244
FSM: track -> damp
FSM: damp -> home
FSM: home -> control
FSM driver: rep 3 gate tilt=7.4deg -> OK
FSM: control -> track
FSM driver: rep 3 track started at sim_time=10.584
FSM: track -> damp
FSM: damp -> home
FSM: home -> control
FSM driver: rep 4 gate tilt=7.2deg -> OK
FSM: control -> track
FSM driver: rep 4 track started at sim_time=13.944
FSM: track -> damp
FSM: damp -> home
FSM: home -> control
FSM driver: rep 5 gate tilt=7.3deg -> OK
FSM: control -> track
FSM driver: rep 5 track started at sim_time=17.324
FSM: track -> damp
FSM: damp -> home
FSM: home -> control
FSM driver: rep 6 gate tilt=7.3deg -> OK
FSM: control -> track
FSM driver: rep 6 track started at sim_time=20.744
FSM: track -> damp
FSM: damp -> home
FSM: home -> control
FSM driver: rep 7 gate tilt=7.4deg -> OK
FSM: control -> track
FSM driver: rep 7 track started at sim_time=24.144
FSM: track -> damp
FSM: damp -> home
FSM: home -> control
FSM driver: rep 8 gate tilt=7.3deg -> OK
FSM: control -> track
FSM driver: rep 8 track started at sim_time=27.544
FSM: track -> damp
FSM: damp -> home
FSM: home -> control
FSM driver: rep 9 gate tilt=7.3deg -> OK
FSM: control -> track
FSM driver: rep 9 track started at sim_time=30.964
FSM: track -> damp
FSM: damp -> home
FSM: home -> control
FSM driver: rep 10 gate tilt=7.7deg -> OK
FSM: control -> track
FSM driver: rep 10 track started at sim_time=34.304
FSM: track -> damp
FSM: damp -> home
FSM: home -> control
FSM driver: rep 11 gate tilt=7.4deg -> OK
FSM: control -> track
FSM driver: rep 11 track started at sim_time=37.644
FSM: track -> damp
FSM: damp -> home
FSM: home -> control
FSM driver: rep 12 gate tilt=7.4deg -> OK
FSM: control -> track
FSM driver: rep 12 track started at sim_time=40.984
FSM: track -> damp
FSM: damp -> home
FSM: home -> control
FSM driver: rep 13 gate tilt=7.6deg -> OK
FSM: control -> track
FSM driver: rep 13 track started at sim_time=44.324
FSM: track -> damp
FSM: damp -> home
FSM: home -> control
FSM driver: rep 14 gate tilt=7.7deg -> OK
FSM: control -> track
FSM driver: rep 14 track started at sim_time=47.684
FSM driver: done, 15 reps (15 standing). Wrote /home/jason/humanoid_ws/deploy_robot/sweep/results/sidecars/traj_opt_kino_4.json
FSM driver shutdown complete.
